Analysis & Synthesis report for DE1_SoC
Mon May 25 23:26:01 2026
Quartus Prime Version 17.0.0 Build 595 04/25/2017 SJ Lite Edition


---------------------
; Table of Contents ;
---------------------
  1. Legal Notice
  2. Analysis & Synthesis Summary
  3. Analysis & Synthesis Settings
  4. Parallel Compilation
  5. Analysis & Synthesis Messages
  6. Analysis & Synthesis Suppressed Messages



----------------
; Legal Notice ;
----------------
Copyright (C) 2017  Intel Corporation. All rights reserved.
Your use of Intel Corporation's design tools, logic functions 
and other software and tools, and its AMPP partner logic 
functions, and any output files from any of the foregoing 
(including device programming or simulation files), and any 
associated documentation or information are expressly subject 
to the terms and conditions of the Intel Program License 
Subscription Agreement, the Intel Quartus Prime License Agreement,
the Intel MegaCore Function License Agreement, or other 
applicable license agreement, including, without limitation, 
that your use is for the sole purpose of programming logic 
devices manufactured by Intel and sold by Intel or its 
authorized distributors.  Please refer to the applicable 
agreement for further details.



+---------------------------------------------------------------------------+
; Analysis & Synthesis Summary                                              ;
+-----------------------------+---------------------------------------------+
; Analysis & Synthesis Status ; Failed - Mon May 25 23:26:01 2026           ;
; Quartus Prime Version       ; 17.0.0 Build 595 04/25/2017 SJ Lite Edition ;
; Revision Name               ; DE1_SoC                                     ;
; Top-level Entity Name       ; cpu                                         ;
; Family                      ; Cyclone V                                   ;
; Logic utilization (in ALMs) ; N/A until Partition Merge                   ;
; Total registers             ; N/A until Partition Merge                   ;
; Total pins                  ; N/A until Partition Merge                   ;
; Total virtual pins          ; N/A until Partition Merge                   ;
; Total block memory bits     ; N/A until Partition Merge                   ;
; Total PLLs                  ; N/A until Partition Merge                   ;
; Total DLLs                  ; N/A until Partition Merge                   ;
+-----------------------------+---------------------------------------------+


+---------------------------------------------------------------------------------------------------------------------------+
; Analysis & Synthesis Settings                                                                                             ;
+---------------------------------------------------------------------------------+--------------------+--------------------+
; Option                                                                          ; Setting            ; Default Value      ;
+---------------------------------------------------------------------------------+--------------------+--------------------+
; Device                                                                          ; 5CSEMA5F31C6       ;                    ;
; Top-level entity name                                                           ; cpu                ; DE1_SoC            ;
; Family name                                                                     ; Cyclone V          ; Cyclone V          ;
; State Machine Processing                                                        ; User-Encoded       ; Auto               ;
; Use smart compilation                                                           ; Off                ; Off                ;
; Enable parallel Assembler and TimeQuest Timing Analyzer during compilation      ; On                 ; On                 ;
; Enable compact report table                                                     ; Off                ; Off                ;
; Restructure Multiplexers                                                        ; Auto               ; Auto               ;
; MLAB Add Timing Constraints For Mixed-Port Feed-Through Mode Setting Don't Care ; Off                ; Off                ;
; Create Debugging Nodes for IP Cores                                             ; Off                ; Off                ;
; Preserve fewer node names                                                       ; On                 ; On                 ;
; OpenCore Plus hardware evaluation                                               ; Enable             ; Enable             ;
; Verilog Version                                                                 ; Verilog_2001       ; Verilog_2001       ;
; VHDL Version                                                                    ; VHDL_1993          ; VHDL_1993          ;
; Safe State Machine                                                              ; Off                ; Off                ;
; Extract Verilog State Machines                                                  ; On                 ; On                 ;
; Extract VHDL State Machines                                                     ; On                 ; On                 ;
; Ignore Verilog initial constructs                                               ; Off                ; Off                ;
; Iteration limit for constant Verilog loops                                      ; 5000               ; 5000               ;
; Iteration limit for non-constant Verilog loops                                  ; 250                ; 250                ;
; Add Pass-Through Logic to Inferred RAMs                                         ; On                 ; On                 ;
; Infer RAMs from Raw Logic                                                       ; On                 ; On                 ;
; Parallel Synthesis                                                              ; On                 ; On                 ;
; DSP Block Balancing                                                             ; Auto               ; Auto               ;
; NOT Gate Push-Back                                                              ; On                 ; On                 ;
; Power-Up Don't Care                                                             ; On                 ; On                 ;
; Remove Redundant Logic Cells                                                    ; Off                ; Off                ;
; Remove Duplicate Registers                                                      ; On                 ; On                 ;
; Ignore CARRY Buffers                                                            ; Off                ; Off                ;
; Ignore CASCADE Buffers                                                          ; Off                ; Off                ;
; Ignore GLOBAL Buffers                                                           ; Off                ; Off                ;
; Ignore ROW GLOBAL Buffers                                                       ; Off                ; Off                ;
; Ignore LCELL Buffers                                                            ; Off                ; Off                ;
; Ignore SOFT Buffers                                                             ; On                 ; On                 ;
; Limit AHDL Integers to 32 Bits                                                  ; Off                ; Off                ;
; Optimization Technique                                                          ; Balanced           ; Balanced           ;
; Carry Chain Length                                                              ; 70                 ; 70                 ;
; Auto Carry Chains                                                               ; On                 ; On                 ;
; Auto Open-Drain Pins                                                            ; On                 ; On                 ;
; Perform WYSIWYG Primitive Resynthesis                                           ; Off                ; Off                ;
; Auto ROM Replacement                                                            ; On                 ; On                 ;
; Auto RAM Replacement                                                            ; On                 ; On                 ;
; Auto DSP Block Replacement                                                      ; On                 ; On                 ;
; Auto Shift Register Replacement                                                 ; Auto               ; Auto               ;
; Allow Shift Register Merging across Hierarchies                                 ; Auto               ; Auto               ;
; Auto Clock Enable Replacement                                                   ; On                 ; On                 ;
; Strict RAM Replacement                                                          ; Off                ; Off                ;
; Allow Synchronous Control Signals                                               ; On                 ; On                 ;
; Force Use of Synchronous Clear Signals                                          ; Off                ; Off                ;
; Auto Resource Sharing                                                           ; Off                ; Off                ;
; Allow Any RAM Size For Recognition                                              ; Off                ; Off                ;
; Allow Any ROM Size For Recognition                                              ; Off                ; Off                ;
; Allow Any Shift Register Size For Recognition                                   ; Off                ; Off                ;
; Use LogicLock Constraints during Resource Balancing                             ; On                 ; On                 ;
; Ignore translate_off and synthesis_off directives                               ; Off                ; Off                ;
; Timing-Driven Synthesis                                                         ; On                 ; On                 ;
; Report Parameter Settings                                                       ; On                 ; On                 ;
; Report Source Assignments                                                       ; On                 ; On                 ;
; Report Connectivity Checks                                                      ; On                 ; On                 ;
; Ignore Maximum Fan-Out Assignments                                              ; Off                ; Off                ;
; Synchronization Register Chain Length                                           ; 3                  ; 3                  ;
; PowerPlay Power Optimization During Synthesis                                   ; Normal compilation ; Normal compilation ;
; HDL message level                                                               ; Level2             ; Level2             ;
; Suppress Register Optimization Related Messages                                 ; Off                ; Off                ;
; Number of Removed Registers Reported in Synthesis Report                        ; 5000               ; 5000               ;
; Number of Swept Nodes Reported in Synthesis Report                              ; 5000               ; 5000               ;
; Number of Inverted Registers Reported in Synthesis Report                       ; 100                ; 100                ;
; Clock MUX Protection                                                            ; On                 ; On                 ;
; Auto Gated Clock Conversion                                                     ; Off                ; Off                ;
; Block Design Naming                                                             ; Auto               ; Auto               ;
; SDC constraint protection                                                       ; Off                ; Off                ;
; Synthesis Effort                                                                ; Auto               ; Auto               ;
; Shift Register Replacement - Allow Asynchronous Clear Signal                    ; On                 ; On                 ;
; Pre-Mapping Resynthesis Optimization                                            ; Off                ; Off                ;
; Analysis & Synthesis Message Level                                              ; Medium             ; Medium             ;
; Disable Register Merging Across Hierarchies                                     ; Auto               ; Auto               ;
; Resource Aware Inference For Block RAM                                          ; On                 ; On                 ;
; Automatic Parallel Synthesis                                                    ; On                 ; On                 ;
; Partial Reconfiguration Bitstream ID                                            ; Off                ; Off                ;
+---------------------------------------------------------------------------------+--------------------+--------------------+


+------------------------------------------+
; Parallel Compilation                     ;
+----------------------------+-------------+
; Processors                 ; Number      ;
+----------------------------+-------------+
; Number detected on machine ; 8           ;
; Maximum allowed            ; 8           ;
;                            ;             ;
; Average used               ; 1.00        ;
; Maximum used               ; 1           ;
;                            ;             ;
; Usage by Processor         ; % Time Used ;
;     Processor 1            ; 100.0%      ;
+----------------------------+-------------+


+-------------------------------+
; Analysis & Synthesis Messages ;
+-------------------------------+
Info: *******************************************************************
Info: Running Quartus Prime Analysis & Synthesis
    Info: Version 17.0.0 Build 595 04/25/2017 SJ Lite Edition
    Info: Processing started: Mon May 25 23:25:51 2026
Info: Command: quartus_map --read_settings_files=on --write_settings_files=off DE1_SoC -c DE1_SoC
Info (20030): Parallel compilation is enabled and will use 8 of the 8 processors detected
Info (12021): Found 1 design units, including 1 entities, in source file regstim.sv
    Info (12023): Found entity 1: regstim File: U:/EE469Labs/Lab4/regstim.sv Line: 4
Info (12021): Found 4 design units, including 4 entities, in source file math.sv
    Info (12023): Found entity 1: mult File: U:/EE469Labs/Lab4/math.sv Line: 6
    Info (12023): Found entity 2: shifter File: U:/EE469Labs/Lab4/math.sv Line: 36
    Info (12023): Found entity 3: shifter_testbench File: U:/EE469Labs/Lab4/math.sv Line: 51
    Info (12023): Found entity 4: mult_testbench File: U:/EE469Labs/Lab4/math.sv Line: 71
Info (12021): Found 2 design units, including 2 entities, in source file datamem.sv
    Info (12023): Found entity 1: datamem File: U:/EE469Labs/Lab4/datamem.sv Line: 12
    Info (12023): Found entity 2: datamem_testbench File: U:/EE469Labs/Lab4/datamem.sv Line: 70
Info (12021): Found 1 design units, including 1 entities, in source file alustim.sv
    Info (12023): Found entity 1: alustim File: U:/EE469Labs/Lab4/alustim.sv Line: 20
Info (12021): Found 1 design units, including 1 entities, in source file d_ff.sv
    Info (12023): Found entity 1: D_FF File: U:/EE469Labs/Lab4/D_FF.sv Line: 3
Info (12021): Found 2 design units, including 2 entities, in source file mux2_1.sv
    Info (12023): Found entity 1: mux2_1 File: U:/EE469Labs/Lab4/mux2_1.sv Line: 3
    Info (12023): Found entity 2: mux2_1_testbench File: U:/EE469Labs/Lab4/mux2_1.sv Line: 15
Info (12021): Found 2 design units, including 2 entities, in source file mux4_1.sv
    Info (12023): Found entity 1: mux4_1 File: U:/EE469Labs/Lab4/mux4_1.sv Line: 3
    Info (12023): Found entity 2: mux4_1_testbench File: U:/EE469Labs/Lab4/mux4_1.sv Line: 17
Info (12021): Found 2 design units, including 2 entities, in source file mux8_1.sv
    Info (12023): Found entity 1: mux8_1 File: U:/EE469Labs/Lab4/mux8_1.sv Line: 3
    Info (12023): Found entity 2: mux8_1_testbench File: U:/EE469Labs/Lab4/mux8_1.sv Line: 19
Info (12021): Found 2 design units, including 2 entities, in source file mux16_1.sv
    Info (12023): Found entity 1: mux16_1 File: U:/EE469Labs/Lab4/mux16_1.sv Line: 3
    Info (12023): Found entity 2: mux16_1_testbench File: U:/EE469Labs/Lab4/mux16_1.sv Line: 19
Info (12021): Found 4 design units, including 4 entities, in source file mux32_1.sv
    Info (12023): Found entity 1: mux32_1 File: U:/EE469Labs/Lab4/mux32_1.sv Line: 3
    Info (12023): Found entity 2: mux64_2_1 File: U:/EE469Labs/Lab4/mux32_1.sv Line: 21
    Info (12023): Found entity 3: mux5_2_1 File: U:/EE469Labs/Lab4/mux32_1.sv Line: 35
    Info (12023): Found entity 4: mux32_1_testbench File: U:/EE469Labs/Lab4/mux32_1.sv Line: 50
Info (12021): Found 5 design units, including 5 entities, in source file decoder.sv
    Info (12023): Found entity 1: decoder1_2 File: U:/EE469Labs/Lab4/Decoder.sv Line: 2
    Info (12023): Found entity 2: decoder2_4 File: U:/EE469Labs/Lab4/Decoder.sv Line: 14
    Info (12023): Found entity 3: decoder3_8 File: U:/EE469Labs/Lab4/Decoder.sv Line: 28
    Info (12023): Found entity 4: decoder4_16 File: U:/EE469Labs/Lab4/Decoder.sv Line: 42
    Info (12023): Found entity 5: decoder5_32 File: U:/EE469Labs/Lab4/Decoder.sv Line: 54
Info (12021): Found 1 design units, including 1 entities, in source file register64bit.sv
    Info (12023): Found entity 1: register64bit File: U:/EE469Labs/Lab4/register64bit.sv Line: 3
Info (12021): Found 1 design units, including 1 entities, in source file regfile.sv
    Info (12023): Found entity 1: regfile File: U:/EE469Labs/Lab4/regfile.sv Line: 3
Info (12021): Found 1 design units, including 1 entities, in source file alu.sv
    Info (12023): Found entity 1: alu File: U:/EE469Labs/Lab4/alu.sv Line: 2
Info (12021): Found 1 design units, including 1 entities, in source file aluonebitslice.sv
    Info (12023): Found entity 1: aluOneBitSlice File: U:/EE469Labs/Lab4/aluOneBitSlice.sv Line: 2
Info (12021): Found 1 design units, including 1 entities, in source file control.sv
    Info (12023): Found entity 1: control File: U:/EE469Labs/Lab4/control.sv Line: 3
Info (12021): Found 1 design units, including 1 entities, in source file flags.sv
    Info (12023): Found entity 1: flags File: U:/EE469Labs/Lab4/flags.sv Line: 4
Info (12021): Found 1 design units, including 1 entities, in source file extend.sv
    Info (12023): Found entity 1: extend File: U:/EE469Labs/Lab4/extend.sv Line: 3
Info (12021): Found 1 design units, including 1 entities, in source file cpu.sv
    Info (12023): Found entity 1: cpu File: U:/EE469Labs/Lab4/cpu.sv Line: 3
Info (12021): Found 2 design units, including 2 entities, in source file instructmem.sv
    Info (12023): Found entity 1: instructmem File: U:/EE469Labs/Lab4/instructmem.sv Line: 20
    Info (12023): Found entity 2: instructmem_testbench File: U:/EE469Labs/Lab4/instructmem.sv Line: 60
Info (12021): Found 1 design units, including 1 entities, in source file programcounter.sv
    Info (12023): Found entity 1: ProgramCounter File: U:/EE469Labs/Lab4/ProgramCounter.sv Line: 2
Info (12021): Found 2 design units, including 2 entities, in source file branch.sv
    Info (12023): Found entity 1: Offset File: U:/EE469Labs/Lab4/branch.sv Line: 2
    Info (12023): Found entity 2: brancher File: U:/EE469Labs/Lab4/branch.sv Line: 16
Info (12021): Found 1 design units, including 1 entities, in source file cpustim.sv
    Info (12023): Found entity 1: cpustim File: U:/EE469Labs/Lab4/cpustim.sv Line: 2
Info (12021): Found 1 design units, including 1 entities, in source file forwarding_unit.sv
    Info (12023): Found entity 1: forwarding_unit File: U:/EE469Labs/Lab4/forwarding_unit.sv Line: 2
Info (12127): Elaborating entity "cpu" for the top level hierarchy
Warning (10036): Verilog HDL or VHDL warning at cpu.sv(49): object "takebranch_prev" assigned a value but never read File: U:/EE469Labs/Lab4/cpu.sv Line: 49
Warning (10036): Verilog HDL or VHDL warning at cpu.sv(70): object "ID_EX_ImmSrc" assigned a value but never read File: U:/EE469Labs/Lab4/cpu.sv Line: 70
Info (12128): Elaborating entity "ProgramCounter" for hierarchy "ProgramCounter:programCounter" File: U:/EE469Labs/Lab4/cpu.sv Line: 234
Info (12128): Elaborating entity "D_FF" for hierarchy "ProgramCounter:programCounter|D_FF:PC[0].dffs" File: U:/EE469Labs/Lab4/ProgramCounter.sv Line: 7
Info (12128): Elaborating entity "alu" for hierarchy "alu:pcAdder" File: U:/EE469Labs/Lab4/cpu.sv Line: 240
Info (12128): Elaborating entity "aluOneBitSlice" for hierarchy "alu:pcAdder|aluOneBitSlice:genSlices[0].slices" File: U:/EE469Labs/Lab4/alu.sv Line: 17
Info (12128): Elaborating entity "mux8_1" for hierarchy "alu:pcAdder|aluOneBitSlice:genSlices[0].slices|mux8_1:m0" File: U:/EE469Labs/Lab4/aluOneBitSlice.sv Line: 33
Info (12128): Elaborating entity "mux4_1" for hierarchy "alu:pcAdder|aluOneBitSlice:genSlices[0].slices|mux8_1:m0|mux4_1:m0" File: U:/EE469Labs/Lab4/mux8_1.sv Line: 12
Info (12128): Elaborating entity "mux2_1" for hierarchy "alu:pcAdder|aluOneBitSlice:genSlices[0].slices|mux8_1:m0|mux4_1:m0|mux2_1:m0" File: U:/EE469Labs/Lab4/mux4_1.sv Line: 10
Info (12128): Elaborating entity "instructmem" for hierarchy "instructmem:imem" File: U:/EE469Labs/Lab4/cpu.sv Line: 245
Warning (10175): Verilog HDL warning at instructmem.sv(27): ignoring unsupported system task File: U:/EE469Labs/Lab4/instructmem.sv Line: 27
Error (10170): Verilog HDL syntax error at test12_Fibonacci.arm(72) near text: _. Check for and fix any syntax errors that appear immediately before or at the specified keyword. The Intel FPGA Knowledge Database contains many articles with specific details on how to resolve this error. Visit the Knowledge Database at https://www.altera.com/support/support-resources/knowledge-base/search.html and search for this specific error message number. File: U:/EE469Labs/Lab4/Benchmarks/test12_Fibonacci.arm Line: 72
Info (10648): Verilog HDL Display System Task info at instructmem.sv(46): Running benchmark:  File: U:/EE469Labs/Lab4/instructmem.sv Line: 46
Error (12152): Can't elaborate user hierarchy "instructmem:imem" File: U:/EE469Labs/Lab4/cpu.sv Line: 245
Info (144001): Generated suppressed messages file U:/EE469Labs/Lab4/output_files/DE1_SoC.map.smsg
Error: Quartus Prime Analysis & Synthesis was unsuccessful. 2 errors, 3 warnings
    Error: Peak virtual memory: 4799 megabytes
    Error: Processing ended: Mon May 25 23:26:01 2026
    Error: Elapsed time: 00:00:10
    Error: Total CPU time (on all processors): 00:00:17


+------------------------------------------+
; Analysis & Synthesis Suppressed Messages ;
+------------------------------------------+
The suppressed messages can be found in U:/EE469Labs/Lab4/output_files/DE1_SoC.map.smsg.


